
(затронута одна строка)

(затронута одна строка)

(затронута одна строка)

(затронута одна строка)

(затронута одна строка)

(затронута одна строка)

(затронута одна строка)

(затронута одна строка)

(затронута одна строка)

(затронута одна строка)

(затронута одна строка)

(затронута одна строка)

(затронута одна строка)

(затронута одна строка)

(затронута одна строка)

(затронута одна строка)

(затронута одна строка)

(затронута одна строка)

(затронута одна строка)

(затронута одна строка)

(затронута одна строка)

(затронута одна строка)

(затронута одна строка)

(затронута одна строка)

(затронута одна строка)

(затронута одна строка)

(затронута одна строка)

(затронута одна строка)

(затронута одна строка)

(затронута одна строка)

(затронута одна строка)

(затронута одна строка)

(затронута одна строка)

(затронута одна строка)

(затронута одна строка)

(затронута одна строка)

(затронута одна строка)

(затронута одна строка)

(затронута одна строка)

(затронута одна строка)

(затронута одна строка)

(затронута одна строка)

(затронута одна строка)

(затронута одна строка)

(затронута одна строка)

(затронута одна строка)

(затронута одна строка)

(затронута одна строка)

(затронута одна строка)

(затронута одна строка)

(затронута одна строка)

(затронута одна строка)

(затронута одна строка)

(затронута одна строка)

(затронута одна строка)

(затронута одна строка)

(затронута одна строка)

(затронута одна строка)

(затронута одна строка)

(затронута одна строка)

(затронута одна строка)

(затронута одна строка)

(затронута одна строка)

(затронута одна строка)

(затронута одна строка)

(затронута одна строка)

(затронута одна строка)

(затронута одна строка)

(затронута одна строка)

(затронута одна строка)

(затронута одна строка)

(затронута одна строка)

(затронута одна строка)

(затронута одна строка)

(затронута одна строка)

(затронута одна строка)

(затронута одна строка)

(затронута одна строка)

(затронута одна строка)

(затронута одна строка)

(затронута одна строка)

(затронута одна строка)

(затронута одна строка)

(затронута одна строка)

(затронута одна строка)

(затронута одна строка)

(затронута одна строка)

(затронута одна строка)

(затронута одна строка)

(затронута одна строка)

(затронута одна строка)

(затронута одна строка)

(затронута одна строка)

(затронута одна строка)

(затронута одна строка)

(затронута одна строка)

(затронута одна строка)

(затронута одна строка)

(затронута одна строка)

(затронута одна строка)

(затронута одна строка)

(затронута одна строка)

(затронута одна строка)

(затронута одна строка)

(затронута одна строка)

(затронута одна строка)

(затронута одна строка)

(затронута одна строка)

(затронута одна строка)

(затронута одна строка)

(затронута одна строка)

(затронута одна строка)

(затронута одна строка)

(затронута одна строка)

(затронута одна строка)

(затронута одна строка)

(затронута одна строка)

(затронута одна строка)

(затронута одна строка)

(затронута одна строка)

(затронута одна строка)

(затронута одна строка)

(затронута одна строка)

(затронута одна строка)

(затронута одна строка)

(затронута одна строка)

(затронута одна строка)

(затронута одна строка)

(затронута одна строка)

(затронута одна строка)

(затронута одна строка)

(затронута одна строка)

(затронута одна строка)

(затронута одна строка)

(затронута одна строка)

(затронута одна строка)

(затронута одна строка)

(затронута одна строка)

(затронута одна строка)

(затронута одна строка)

(затронута одна строка)

(затронута одна строка)

(затронута одна строка)

(затронута одна строка)

(затронута одна строка)

(затронута одна строка)

(затронута одна строка)

(затронута одна строка)

(затронута одна строка)

(затронута одна строка)

(затронута одна строка)

(затронута одна строка)

(затронута одна строка)

(затронута одна строка)

(затронута одна строка)

(затронута одна строка)

(затронута одна строка)

(затронута одна строка)

(затронута одна строка)

(затронута одна строка)

(затронута одна строка)

(затронута одна строка)

(затронута одна строка)

(затронута одна строка)

(затронута одна строка)

(затронута одна строка)

(затронута одна строка)

(затронута одна строка)

(затронута одна строка)

(затронута одна строка)

(затронута одна строка)

(затронута одна строка)

(затронута одна строка)

(затронута одна строка)

(затронута одна строка)

(затронута одна строка)

(затронута одна строка)

(затронута одна строка)

(затронута одна строка)

(затронута одна строка)

(затронута одна строка)

(затронута одна строка)

(затронута одна строка)

(затронута одна строка)

(затронута одна строка)

(затронута одна строка)

(затронута одна строка)

(затронута одна строка)

(затронута одна строка)

(затронута одна строка)

(затронута одна строка)

(затронута одна строка)

(затронута одна строка)

(затронута одна строка)

(затронута одна строка)

(затронута одна строка)

(затронута одна строка)

(затронута одна строка)

(затронута одна строка)

(затронута одна строка)

(затронута одна строка)

(затронута одна строка)

(затронута одна строка)

(затронута одна строка)

(затронута одна строка)

(затронута одна строка)

(затронута одна строка)

(затронута одна строка)

(затронута одна строка)

(затронута одна строка)

(затронута одна строка)

(затронута одна строка)

(затронута одна строка)

(затронута одна строка)

(затронута одна строка)

(затронута одна строка)

(затронута одна строка)

(затронута одна строка)

(затронута одна строка)

(затронута одна строка)

(затронута одна строка)

(затронута одна строка)

(затронута одна строка)

(затронута одна строка)

(затронута одна строка)

(затронута одна строка)

(затронута одна строка)
Сообщение 547, уровень 16, состояние 0, строка 232
Конфликт инструкции INSERT с ограничением FOREIGN KEY "db_employee_lpu_lpu_id_c3de49d5_fk_db_lpu_Cust_ID". Конфликт произошел в базе данных "CursorTest", таблица "dbo.db_lpu", column 'cust_id'.
Выполнение данной инструкции было прервано.

(затронута одна строка)

(затронута одна строка)

(затронута одна строка)

(затронута одна строка)

(затронута одна строка)
Сообщение 547, уровень 16, состояние 0, строка 238
Конфликт инструкции INSERT с ограничением FOREIGN KEY "db_employee_lpu_lpu_id_c3de49d5_fk_db_lpu_Cust_ID". Конфликт произошел в базе данных "CursorTest", таблица "dbo.db_lpu", column 'cust_id'.
Выполнение данной инструкции было прервано.

(затронута одна строка)

(затронута одна строка)
Сообщение 547, уровень 16, состояние 0, строка 241
Конфликт инструкции INSERT с ограничением FOREIGN KEY "db_employee_lpu_lpu_id_c3de49d5_fk_db_lpu_Cust_ID". Конфликт произошел в базе данных "CursorTest", таблица "dbo.db_lpu", column 'cust_id'.
Выполнение данной инструкции было прервано.

(затронута одна строка)

(затронута одна строка)

(затронута одна строка)

(затронута одна строка)

(затронута одна строка)

(затронута одна строка)

(затронута одна строка)

(затронута одна строка)

(затронута одна строка)

(затронута одна строка)

(затронута одна строка)

(затронута одна строка)

(затронута одна строка)

(затронута одна строка)

(затронута одна строка)

(затронута одна строка)

(затронута одна строка)

(затронута одна строка)

(затронута одна строка)

(затронута одна строка)

(затронута одна строка)

(затронута одна строка)

(затронута одна строка)

(затронута одна строка)

(затронута одна строка)

(затронута одна строка)

(затронута одна строка)

(затронута одна строка)

(затронута одна строка)

(затронута одна строка)

(затронута одна строка)

(затронута одна строка)

(затронута одна строка)

(затронута одна строка)

(затронута одна строка)

(затронута одна строка)

(затронута одна строка)

(затронута одна строка)

(затронута одна строка)

(затронута одна строка)

(затронута одна строка)

(затронута одна строка)

(затронута одна строка)

(затронута одна строка)

(затронута одна строка)

(затронута одна строка)

(затронута одна строка)

(затронута одна строка)

(затронута одна строка)

(затронута одна строка)

(затронута одна строка)

(затронута одна строка)

(затронута одна строка)

(затронута одна строка)

(затронута одна строка)

(затронута одна строка)

(затронута одна строка)

(затронута одна строка)

(затронута одна строка)

(затронута одна строка)

(затронута одна строка)

(затронута одна строка)

(затронута одна строка)

(затронута одна строка)

(затронута одна строка)

(затронута одна строка)

(затронута одна строка)

(затронута одна строка)

(затронута одна строка)

(затронута одна строка)

(затронута одна строка)

(затронута одна строка)

(затронута одна строка)

(затронута одна строка)

(затронута одна строка)

(затронута одна строка)

(затронута одна строка)

(затронута одна строка)

(затронута одна строка)

(затронута одна строка)

(затронута одна строка)

(затронута одна строка)

(затронута одна строка)

(затронута одна строка)

(затронута одна строка)

(затронута одна строка)

(затронута одна строка)

(затронута одна строка)

(затронута одна строка)

(затронута одна строка)

(затронута одна строка)

(затронута одна строка)

(затронута одна строка)

(затронута одна строка)

(затронута одна строка)

(затронута одна строка)

(затронута одна строка)
Сообщение 547, уровень 16, состояние 0, строка 340
Конфликт инструкции INSERT с ограничением FOREIGN KEY "db_employee_lpu_lpu_id_c3de49d5_fk_db_lpu_Cust_ID". Конфликт произошел в базе данных "CursorTest", таблица "dbo.db_lpu", column 'cust_id'.
Выполнение данной инструкции было прервано.

(затронута одна строка)

(затронута одна строка)

(затронута одна строка)

(затронута одна строка)

(затронута одна строка)

(затронута одна строка)

(затронута одна строка)

(затронута одна строка)

(затронута одна строка)

(затронута одна строка)

(затронута одна строка)

(затронута одна строка)

(затронута одна строка)

(затронута одна строка)

(затронута одна строка)

(затронута одна строка)

(затронута одна строка)

(затронута одна строка)

(затронута одна строка)

(затронута одна строка)

(затронута одна строка)

(затронута одна строка)

(затронута одна строка)

(затронута одна строка)

(затронута одна строка)

(затронута одна строка)

(затронута одна строка)

(затронута одна строка)

(затронута одна строка)

(затронута одна строка)

(затронута одна строка)

(затронута одна строка)

(затронута одна строка)

(затронута одна строка)

(затронута одна строка)

(затронута одна строка)

(затронута одна строка)

(затронута одна строка)

(затронута одна строка)

(затронута одна строка)

(затронута одна строка)

(затронута одна строка)

(затронута одна строка)

(затронута одна строка)

(затронута одна строка)

(затронута одна строка)

(затронута одна строка)

(затронута одна строка)

(затронута одна строка)

(затронута одна строка)

(затронута одна строка)

(затронута одна строка)
Сообщение 547, уровень 16, состояние 0, строка 393
Конфликт инструкции INSERT с ограничением FOREIGN KEY "db_employee_lpu_lpu_id_c3de49d5_fk_db_lpu_Cust_ID". Конфликт произошел в базе данных "CursorTest", таблица "dbo.db_lpu", column 'cust_id'.
Выполнение данной инструкции было прервано.

(затронута одна строка)

(затронута одна строка)

(затронута одна строка)

(затронута одна строка)

(затронута одна строка)

(затронута одна строка)

(затронута одна строка)

(затронута одна строка)

(затронута одна строка)

(затронута одна строка)

(затронута одна строка)

(затронута одна строка)

(затронута одна строка)

(затронута одна строка)

(затронута одна строка)

(затронута одна строка)

(затронута одна строка)

(затронута одна строка)

(затронута одна строка)

(затронута одна строка)

(затронута одна строка)

(затронута одна строка)

(затронута одна строка)

(затронута одна строка)

(затронута одна строка)
